[wp1.themexlab.com/html2/health-coach/index.html]
[backblue.gif]
[fade.gif]
[index.html]
[wp1.themexlab.com/html2/health-coach/css/bootstrap.css]
[wp1.themexlab.com/html2/health-coach/css/revolution-slider.css]
[wp1.themexlab.com/html2/health-coach/css/style.css]
[wp1.themexlab.com/html2/health-coach/images/favicon.ico]
[wp1.themexlab.com/html2/health-coach/css/responsive.css]
[wp1.themexlab.com/html2/health-coach/contact.html]
[wp1.themexlab.com/html2/health-coach/images/logo.png]
[wp1.themexlab.com/html2/health-coach/about-us.html]
[wp1.themexlab.com/html2/health-coach/events.html]
[wp1.themexlab.com/html2/health-coach/services.html]
[wp1.themexlab.com/html2/health-coach/service-single.html]
[wp1.themexlab.com/html2/health-coach/portfolio-four-column.html]
[wp1.themexlab.com/html2/health-coach/portfolio-fullwidth.html]
[wp1.themexlab.com/html2/health-coach/portfolio-with-text.html]
[wp1.themexlab.com/html2/health-coach/portfolio-single.html]
[wp1.themexlab.com/html2/health-coach/blog.html]
[wp1.themexlab.com/html2/health-coach/blog-list.html]
[wp1.themexlab.com/html2/health-coach/blog-grid.html]
[wp1.themexlab.com/html2/health-coach/blog-single.html]
[wp1.themexlab.com/html2/health-coach/shop.html]
[wp1.themexlab.com/html2/health-coach/shop-single.html]
[wp1.themexlab.com/html2/health-coach/shopping-cart.html]
[wp1.themexlab.com/html2/health-coach/register.html]
[wp1.themexlab.com/html2/health-coach/images/logo-2.png]
[wp1.themexlab.com/html2/health-coach/images/main-slider/image-1.jpg]
[wp1.themexlab.com/html2/health-coach/images/main-slider/image-2.jpg]
[wp1.themexlab.com/html2/health-coach/images/main-slider/image-3.jpg]
[wp1.themexlab.com/html2/health-coach/images/resource/featured-image-1.jpg]
[wp1.themexlab.com/html2/health-coach/images/resource/featured-image-3.jpg]
[wp1.themexlab.com/html2/health-coach/images/resource/featured-image-4.jpg]
[wp1.themexlab.com/html2/health-coach/images/resource/author-thumb-1.jpg]
[wp1.themexlab.com/html2/health-coach/images/resource/author-thumb-2.jpg]
[wp1.themexlab.com/html2/health-coach/images/resource/author-thumb-3.jpg]
[wp1.themexlab.com/html2/health-coach/images/resource/featured-image-5.jpg]
[wp1.themexlab.com/html2/health-coach/images/resource/featured-image-6.jpg]
[wp1.themexlab.com/html2/health-coach/images/resource/featured-image-7.jpg]
[wp1.themexlab.com/html2/health-coach/images/resource/featured-image-8.jpg]
[wp1.themexlab.com/html2/health-coach/images/resource/blog-image-1.jpg]
[wp1.themexlab.com/html2/health-coach/images/resource/blog-image-2.jpg]
[wp1.themexlab.com/html2/health-coach/images/resource/blog-image-3.jpg]
[wp1.themexlab.com/html2/health-coach/images/resource/featured-image-9.jpg]
[wp1.themexlab.com/html2/health-coach/images/logo-3.png]
[wp1.themexlab.com/html2/health-coach/images/resource/post-thumb-2.jpg]
[wp1.themexlab.com/html2/health-coach/js/bootstrap.min.js]
[wp1.themexlab.com/html2/health-coach/js/jquery.mCustomScrollbar.concat.min.js]
[wp1.themexlab.com/html2/health-coach/js/jquery.js]
[wp1.themexlab.com/html2/health-coach/js/jquery.fancybox.pack.js]
[wp1.themexlab.com/html2/health-coach/js/jquery.fancybox-media.js]
[wp1.themexlab.com/html2/health-coach/js/wow.js]
[wp1.themexlab.com/html2/health-coach/js/owl.js]
[wp1.themexlab.com/html2/health-coach/index.html]
[wp1.themexlab.com/html2/health-coach/js/script.js]
[wp1.themexlab.com/html2/health-coach/fonts/glyphicons-halflings-regular.eot]
[wp1.themexlab.com/html2/health-coach/js/revolution.min.js]
[wp1.themexlab.com/html2/health-coach/css/bootstrap.css]
[wp1.themexlab.com/html2/health-coach/images/gradient/g30.3f.delayed]
[wp1.themexlab.com/html2/health-coach/images/gradient/g40.40.delayed]
[wp1.themexlab.com/html2/health-coach/css/assets/shadow1.png]
[wp1.themexlab.com/html2/health-coach/css/assets/shadow2.png]
[wp1.themexlab.com/html2/health-coach/css/assets/shadow3.png]
[wp1.themexlab.com/html2/health-coach/css/assets/gridtile.png]
[wp1.themexlab.com/html2/health-coach/css/assets/gridtile_white.png]
[wp1.themexlab.com/html2/health-coach/css/assets/gridtile_3x3.png]
[wp1.themexlab.com/html2/health-coach/css/assets/gridtile_3x3_white.png]
[wp1.themexlab.com/html2/health-coach/css/assets/boxed_bgtile.png]
[wp1.themexlab.com/html2/health-coach/css/assets/navigdots_bgtile.png]
[wp1.themexlab.com/html2/health-coach/css/assets/bullet.png]
[wp1.themexlab.com/html2/health-coach/css/assets/bullets.png]
[wp1.themexlab.com/html2/health-coach/css/assets/bullets2.png]
[wp1.themexlab.com/html2/health-coach/css/assets/bullet_boxed.png]
[wp1.themexlab.com/html2/health-coach/css/assets/navigdots.png]
[wp1.themexlab.com/html2/health-coach/css/assets/large_left.png]
[wp1.themexlab.com/html2/health-coach/css/assets/large_right.png]
[wp1.themexlab.com/html2/health-coach/css/assets/small_left.png]
[wp1.themexlab.com/html2/health-coach/css/assets/small_right.png]
[wp1.themexlab.com/html2/health-coach/css/assets/arrow_left.png]
[wp1.themexlab.com/html2/health-coach/css/assets/arrow_right.png]
[wp1.themexlab.com/html2/health-coach/css/assets/small_left_boxed.png]
[wp1.themexlab.com/html2/health-coach/css/assets/small_right_boxed.png]
[wp1.themexlab.com/html2/health-coach/css/assets/arrowleft.png]
[wp1.themexlab.com/html2/health-coach/css/assets/arrowright.png]
[wp1.themexlab.com/html2/health-coach/css/assets/arrow_left2.png]
[wp1.themexlab.com/html2/health-coach/css/assets/arrow_right2.png]
[wp1.themexlab.com/html2/health-coach/css/assets/timer.png]
[wp1.themexlab.com/html2/health-coach/css/assets/coloredbg.png]
[wp1.themexlab.com/html2/health-coach/css/assets/loader.gif]
[wp1.themexlab.com/html2/health-coach/fonts/revicons90c690c6.eot]
[wp1.themexlab.com/html2/health-coach/fonts/revicons90c690c6.woff]
[wp1.themexlab.com/html2/health-coach/fonts/revicons90c690c6.ttf]
[wp1.themexlab.com/revolution.themepunch.com/wp-content/uploads/2014/05/wave21.62.delayed]
[wp1.themexlab.com/html2/health-coach/css/revolution-slider.css]
[wp1.themexlab.com/html2/health-coach/css/owl.css]
[wp1.themexlab.com/html2/health-coach/css/jquery.fancybox.css]
[wp1.themexlab.com/html2/health-coach/css/jquery.mCustomScrollbar.min.css]
[wp1.themexlab.com/html2/health-coach/images/icons/preloader.GIF]
[wp1.themexlab.com/html2/health-coach/images/icons/submenu-icon.png]
[wp1.themexlab.com/html2/health-coach/images/icons/title-pattern.png]
[wp1.themexlab.com/html2/health-coach/images/icons/tab-curve.jpg]
[wp1.themexlab.com/html2/health-coach/images/icons/title-pattern-2.png]
[wp1.themexlab.com/html2/health-coach/images/background/image-2.jpg]
[wp1.themexlab.com/html2/health-coach/images/icons/arrow-right.png]
[wp1.themexlab.com/html2/health-coach/images/icons/icon-select.png]
[wp1.themexlab.com/html2/health-coach/images/icons/arrow-next.png]
[wp1.themexlab.com/html2/health-coach/images/icons/arrow-prev.png]
[wp1.themexlab.com/html2/health-coach/images/icons/icon-cross.png]
[wp1.themexlab.com/html2/health-coach/images/icons/quote-icon.png]
[wp1.themexlab.com/html2/health-coach/css/style.css]
[wp1.themexlab.com/html2/health-coach/css/responsive.css]
[wp1.themexlab.com/html2/health-coach/images/background/bg-page-title-1.jpg]
[wp1.themexlab.com/html2/health-coach/contact.html]
[wp1.themexlab.com/html2/health-coach/js/map-script.js]
[wp1.themexlab.com/html2/health-coach/js/validate.js]
[wp1.themexlab.com/html2/health-coach/images/resource/signature.png]
[wp1.themexlab.com/html2/health-coach/images/resource/certificate-image-1.jpg]
[wp1.themexlab.com/html2/health-coach/images/resource/certificate-image-2.jpg]
[wp1.themexlab.com/html2/health-coach/images/resource/certificate-image-3.jpg]
[wp1.themexlab.com/html2/health-coach/images/resource/certificate-image-4.jpg]
[wp1.themexlab.com/html2/health-coach/images/resource/team-thumb-1.jpg]
[wp1.themexlab.com/html2/health-coach/images/resource/team-image-1.png]
[wp1.themexlab.com/html2/health-coach/about-us.html]
[wp1.themexlab.com/html2/health-coach/images/resource/featured-thumb-2.jpg]
[wp1.themexlab.com/html2/health-coach/events.html]
[wp1.themexlab.com/html2/health-coach/images/resource/featured-image-10.jpg]
[wp1.themexlab.com/html2/health-coach/images/resource/featured-image-11.jpg]
[wp1.themexlab.com/html2/health-coach/images/resource/featured-image-13.jpg]
[wp1.themexlab.com/html2/health-coach/images/resource/featured-image-14.jpg]
[wp1.themexlab.com/html2/health-coach/services.html]
[wp1.themexlab.com/html2/health-coach/images/background/image-4.jpg]
[wp1.themexlab.com/html2/health-coach/service-single.html]
[wp1.themexlab.com/html2/health-coach/images/gallery/2.jpg]
[wp1.themexlab.com/html2/health-coach/images/gallery/4.jpg]
[wp1.themexlab.com/html2/health-coach/images/gallery/5.jpg]
[wp1.themexlab.com/html2/health-coach/images/gallery/6.jpg]
[wp1.themexlab.com/html2/health-coach/images/gallery/7.jpg]
[wp1.themexlab.com/html2/health-coach/images/gallery/10.jpg]
[wp1.themexlab.com/html2/health-coach/images/gallery/11.jpg]
[wp1.themexlab.com/html2/health-coach/images/gallery/12.jpg]
[wp1.themexlab.com/html2/health-coach/images/gallery/13.jpg]
[wp1.themexlab.com/html2/health-coach/images/gallery/15.jpg]
[wp1.themexlab.com/html2/health-coach/images/gallery/16.jpg]
[wp1.themexlab.com/html2/health-coach/portfolio-four-column.html]
[wp1.themexlab.com/html2/health-coach/images/gallery/17.jpg]
[wp1.themexlab.com/html2/health-coach/js/mixitup.js]
[wp1.themexlab.com/html2/health-coach/images/gallery/18.jpg]
[wp1.themexlab.com/html2/health-coach/images/gallery/19.jpg]
[wp1.themexlab.com/html2/health-coach/images/gallery/21.jpg]
[wp1.themexlab.com/html2/health-coach/images/gallery/24.jpg]
[wp1.themexlab.com/html2/health-coach/images/gallery/25.jpg]
[wp1.themexlab.com/html2/health-coach/images/gallery/27.jpg]
[wp1.themexlab.com/html2/health-coach/images/gallery/28.jpg]
[wp1.themexlab.com/html2/health-coach/images/gallery/30.jpg]
[wp1.themexlab.com/html2/health-coach/images/gallery/32.jpg]
[wp1.themexlab.com/html2/health-coach/portfolio-fullwidth.html]
[wp1.themexlab.com/html2/health-coach/portfolio-with-text.html]
[connect.facebook.net/en_US/sdk.js]
[wp1.themexlab.com/html2/health-coach/images/gallery/33.jpg]
[wp1.themexlab.com/html2/health-coach/images/resource/author-thumb-5.jpg]
[wp1.themexlab.com/html2/health-coach/images/resource/author-thumb-6.jpg]
[wp1.themexlab.com/html2/health-coach/portfolio-single.html]
[wp1.themexlab.com/html2/health-coach/images/resource/blog-image-13.jpg]
[wp1.themexlab.com/html2/health-coach/images/resource/blog-image-14.jpg]
[wp1.themexlab.com/html2/health-coach/blog.html]
[wp1.themexlab.com/html2/health-coach/images/resource/blog-image-15.jpg]
[wp1.themexlab.com/html2/health-coach/images/resource/blog-image-17.jpg]
[wp1.themexlab.com/html2/health-coach/images/resource/blog-image-18.jpg]
[wp1.themexlab.com/html2/health-coach/images/resource/blog-image-19.jpg]
[wp1.themexlab.com/html2/health-coach/blog-list.html]
[wp1.themexlab.com/html2/health-coach/images/resource/blog-image-6.jpg]
[wp1.themexlab.com/html2/health-coach/images/resource/blog-image-7.jpg]
[wp1.themexlab.com/html2/health-coach/images/resource/blog-image-8.jpg]
[wp1.themexlab.com/html2/health-coach/images/resource/blog-image-9.jpg]
[wp1.themexlab.com/html2/health-coach/blog-grid.html]
[wp1.themexlab.com/html2/health-coach/images/resource/blog-image-4.jpg]
[wp1.themexlab.com/html2/health-coach/blog-single.html]
[wp1.themexlab.com/html2/health-coach/css/nouislider.css]
[wp1.themexlab.com/html2/health-coach/images/resource/products/image-1.jpg]
[wp1.themexlab.com/html2/health-coach/images/resource/products/image-2.jpg]
[wp1.themexlab.com/html2/health-coach/images/resource/products/image-3.jpg]
[wp1.themexlab.com/html2/health-coach/images/resource/products/image-5.jpg]
[wp1.themexlab.com/html2/health-coach/images/resource/products/image-6.jpg]
[wp1.themexlab.com/html2/health-coach/images/resource/products/image-7.jpg]
[wp1.themexlab.com/html2/health-coach/images/resource/products/image-8.jpg]
[wp1.themexlab.com/html2/health-coach/images/resource/products/image-9.jpg]
[wp1.themexlab.com/html2/health-coach/images/resource/products/thumb-1.jpg]
[wp1.themexlab.com/html2/health-coach/images/resource/products/thumb-2.jpg]
[wp1.themexlab.com/html2/health-coach/images/resource/products/thumb-3.jpg]
[wp1.themexlab.com/html2/health-coach/shop.html]
[wp1.themexlab.com/html2/health-coach/js/nouislider.js]
[wp1.themexlab.com/html2/health-coach/images/resource/products/image-10.jpg]
[wp1.themexlab.com/html2/health-coach/images/resource/products/thumb-7.jpg]
[wp1.themexlab.com/html2/health-coach/images/resource/products/thumb-8.jpg]
[wp1.themexlab.com/html2/health-coach/images/resource/products/thumb-4.jpg]
[wp1.themexlab.com/html2/health-coach/images/resource/products/thumb-5.jpg]
[wp1.themexlab.com/html2/health-coach/images/resource/products/thumb-6.jpg]
[wp1.themexlab.com/html2/health-coach/shop-single.html]
[wp1.themexlab.com/html2/health-coach/shopping-cart.html]
[wp1.themexlab.com/html2/health-coach/register.html]
[wp1.themexlab.com/html2/health-coach/js/jquery.bootstrap-touchspin.js]
[wp1.themexlab.com/html2/health-coach/fonts/glyphicons-halflings-regulard41d.eot]
[wp1.themexlab.com/html2/health-coach/fonts/glyphicons-halflings-regular.html]
[wp1.themexlab.com/html2/health-coach/fonts/glyphicons-halflings-regular.svg]
[wp1.themexlab.com/html2/health-coach/images/gradient/g30.html]
[wp1.themexlab.com/html2/health-coach/images/gradient/g40.html]
[wp1.themexlab.com/html2/health-coach/fonts/revicons90c690c6.svg]
[wp1.themexlab.com/revolution.themepunch.com/wp-content/uploads/2014/05/wave21.html]
[wp1.themexlab.com/html2/health-coach/css/owl.video.play.d6.delayed]
[wp1.themexlab.com/html2/health-coach/css/owl.css]
[wp1.themexlab.com/html2/health-coach/images/fancybox/fancybox_sprite.png]
[wp1.themexlab.com/html2/health-coach/images/fancybox/fancybox_loading.gif]
[wp1.themexlab.com/html2/health-coach/images/fancybox/blank.gif]
[wp1.themexlab.com/html2/health-coach/images/fancybox/fancybox_overlay.png]
[wp1.themexlab.com/html2/health-coach/images/fancybox/fancybox_sprite_2x.png]
[wp1.themexlab.com/html2/health-coach/images/fancybox/fancybox_loading_2x.gif]
[wp1.themexlab.com/html2/health-coach/css/jquery.fancybox.css]
[wp1.themexlab.com/html2/health-coach/css/mCSB_buttons.dd.delayed]
[wp1.themexlab.com/html2/health-coach/css/jquery.mCustomScrollbar.min.css]
[wp1.themexlab.com/html2/health-coach/css/jquery.bootstrap-touchspin.css]
[connect.facebook.net/en_US/sdk.js]
[wp1.themexlab.com/html2/health-coach/css/nouislider.css]
[wp1.themexlab.com/html2/health-coach/images/resource/featured-image-2.jpg]
[wp1.themexlab.com/html2/health-coach/images/background/image-1.jpg]
[wp1.themexlab.com/html2/health-coach/images/resource/featured-thumb-1.jpg]
[wp1.themexlab.com/html2/health-coach/images/resource/post-thumb-1.jpg]
[wp1.themexlab.com/html2/health-coach/images/resource/post-thumb-3.jpg]
[wp1.themexlab.com/html2/health-coach/fonts/glyphicons-halflings-regular.eot]
[wp1.themexlab.com/html2/health-coach/fonts/glyphicons-halflings-regular.woff]
[wp1.themexlab.com/html2/health-coach/fonts/glyphicons-halflings-regular.ttf]
[wp1.themexlab.com/html2/health-coach/css/font-awesome.css]
[wp1.themexlab.com/html2/health-coach/fonts/fontawesome-webfonte0a5.eot]
[wp1.themexlab.com/html2/health-coach/fonts/fontawesome-webfontd41d.eot]
[wp1.themexlab.com/html2/health-coach/fonts/fontawesome-webfonte0a5.woff]
[wp1.themexlab.com/html2/health-coach/fonts/fontawesome-webfonte0a5.ttf]
[wp1.themexlab.com/html2/health-coach/css/font-awesome.css]
[wp1.themexlab.com/html2/health-coach/css/flaticon.css]
[wp1.themexlab.com/html2/health-coach/fonts/flaticon.eot]
[wp1.themexlab.com/html2/health-coach/fonts/flaticon.woff]
[wp1.themexlab.com/html2/health-coach/fonts/flaticon.ttf]
[wp1.themexlab.com/html2/health-coach/css/flaticon.css]
[wp1.themexlab.com/html2/health-coach/css/animate.css]
[wp1.themexlab.com/html2/health-coach/css/animate.css]
[wp1.themexlab.com/html2/health-coach/css/owl.video.play.html]
[wp1.themexlab.com/html2/health-coach/css/mCSB_buttons.html]
[wp1.themexlab.com/html2/health-coach/images/resource/featured-image-12.jpg]
[wp1.themexlab.com/html2/health-coach/images/resource/featured-image-15.jpg]
[wp1.themexlab.com/html2/health-coach/images/gallery/1.jpg]
[wp1.themexlab.com/html2/health-coach/images/gallery/3.jpg]
[wp1.themexlab.com/html2/health-coach/images/gallery/8.jpg]
[wp1.themexlab.com/html2/health-coach/images/gallery/9.jpg]
[wp1.themexlab.com/html2/health-coach/images/gallery/14.jpg]
[wp1.themexlab.com/html2/health-coach/images/gallery/20.jpg]
[wp1.themexlab.com/html2/health-coach/images/gallery/22.jpg]
[wp1.themexlab.com/html2/health-coach/images/gallery/23.jpg]
[wp1.themexlab.com/html2/health-coach/images/gallery/26.jpg]
[wp1.themexlab.com/html2/health-coach/images/gallery/29.jpg]
[wp1.themexlab.com/html2/health-coach/images/gallery/31.jpg]
[wp1.themexlab.com/html2/health-coach/ABCDEFGHIJKLMNOPQRSTUVWXYZabcdefghijklmnopqrstuvwxyz0123456789+/index.html]
[wp1.themexlab.com/html2/health-coach/dialog/index.html]
[wp1.themexlab.com/html2/health-coach/dialog/index.html]
[wp1.themexlab.com/html2/health-coach/index4d6d.html]
[wp1.themexlab.com/html2/health-coach/images/resource/blog-image-11.jpg]
[wp1.themexlab.com/html2/health-coach/images/resource/blog-image-12.jpg]
[wp1.themexlab.com/html2/health-coach/images/resource/blog-image-16.jpg]
[wp1.themexlab.com/html2/health-coach/images/resource/blog-image-5.jpg]
[wp1.themexlab.com/html2/health-coach/images/resource/blog-image-10.jpg]
[wp1.themexlab.com/html2/health-coach/css/nouislider.pips.css]
[wp1.themexlab.com/html2/health-coach/css/nouislider.pips.css]
[wp1.themexlab.com/html2/health-coach/images/resource/products/image-4.jpg]
[wp1.themexlab.com/html2/health-coach/fonts/fontawesome-webfonte0a5.html]
[wp1.themexlab.com/html2/health-coach/fonts/fontawesome-webfonte0a5.svg]
[wp1.themexlab.com/html2/health-coach/fonts/flaticond41d.eot]
[wp1.themexlab.com/html2/health-coach/fonts/flaticon.svg]
[wp1.themexlab.com/html2/health-coach/fonts/fontawesome-webfonte0a5.woff]
[wp1.themexlab.com/html2/health-coach/fonts/fontawesome-webfonte0a5.ttf]
[wp1.themexlab.com/html2/health-coach/fonts/flaticon.eot]
